Scenario clock: 32 calendar days, 24 trading steps (2026-04-13 to 2026-05-15)
Loading ladder corpus for standardisation constants...
  S_0 (INTC, anchored to 2026-04-13) = $65.17
Loading NN ψ surface for INTC ...
  ψ source: per_ticker    θ̄ = 0.7955  →  IV 89.2%
  Real-contract setup (INTC 2026-05-15, 32 calendar DTE):
    Put  K=$60.00   market Δ=-0.299   mid=$3.28   market IV=78.2%   (model NN-IV=78.7%)
    Call K=$75.00   market Δ=+0.316   mid=$2.62   market IV=73.6%   (model NN-IV=81.2%)
Cache parameters drifted from current spec; resimulating.

Loading pretrained portfolio model...
Simulating 1000 INTC price paths over 24 trading steps...
  Drift anchor: empirical -0.63%/yr → target +8.00%/yr   (shift +8.63%/yr)
Evolving per-contract CIR variance with leverage coupling (κ=15.0, σ_v=0.5, ρ=-0.6)...
Pricing put + call at every (t, path) via Leisen-Reimer American (n_steps=201)...
     100 / 1000 paths priced
     200 / 1000 paths priced
     300 / 1000 paths priced
     400 / 1000 paths priced
     500 / 1000 paths priced
     600 / 1000 paths priced
     700 / 1000 paths priced
     800 / 1000 paths priced
     900 / 1000 paths priced
    1000 / 1000 paths priced
[cache] saved -> /Users/jdv27/Desktop/julia_work/heston_implied_volatility_model/code/examples/../figures/intc_earnings_window_simulation_cache.jld2

Computing Leisen-Reimer American Greeks via finite differences (h=1.5% S, dσ=±0.5 IV pts)...
    Greeks:  100 / 1000 paths done
    Greeks:  200 / 1000 paths done
    Greeks:  300 / 1000 paths done
    Greeks:  400 / 1000 paths done
    Greeks:  500 / 1000 paths done
    Greeks:  600 / 1000 paths done
    Greeks:  700 / 1000 paths done
    Greeks:  800 / 1000 paths done
    Greeks:  900 / 1000 paths done
    Greeks: 1000 / 1000 paths done
Rendering figure A: stock + put premium ...
Rendering figure B: stock + call premium ...
Rendering figure A+B: combined 2x2 ...
Rendering figure C: terminal short P&L distributions ...
Rendering figure D: IV trajectories ...
Rendering figure E: Greeks trajectories ...
Mirrored 12 figure file(s) to 1 other paper variant(s).

==============================================================================
  SHORT-PREMIUM SCENARIO SUMMARY  (INTC, 32 calendar days, 24 trading steps, 1000 paths)
==============================================================================
  Spot:                S_0 = $65.17
  30Δ put strike:      K = $60.00   (K/S = 0.921)
  30Δ call strike:     K = $75.00   (K/S = 1.151)
  CIR-like (κ, σ_v):   (15.0, 0.5); return-shock coupling ρ = -0.60

  stat          Short PUT P&L ($)       Short CALL P&L ($)
  ------------------------------------------------------------
  Premium                        +3.28                   +2.62
  Mean                           +2.59                   +2.24
  Median                         +3.28                   +2.62
  Std                            +2.05                   +1.61
  5%-tile                        -2.02                   -0.42
  ES (5%)                        -4.96                   -3.86
  Min                           -14.48                  -15.26
  Max                            +3.28                   +2.62

  Premium kept in full (PUT):    82.9% of paths
    Wilson 95% CI:              [ 80.4%,  85.1%]
  Premium kept in full (CALL):   90.9% of paths
    Wilson 95% CI:              [ 89.0%,  92.5%]

  Worst-5% terminal-price range:  $42.24 .. $54.65
  Mean short-PUT P&L on worst-5% paths:  $-4.96
  Mean short-CALL P&L on top-5%   paths: $-3.86

[csv] appended INTC earnings-window row to /Users/jdv27/Desktop/julia_work/heston_implied_volatility_model/code/examples/../figures/expanded_scenarios_summary.csv
