Scenario clock: 31 calendar days, 22 trading steps (2026-04-28 to 2026-05-29)
Loading ladder corpus for standardisation constants...
  S_0 (LLY, anchored to 2026-04-28) = $873.83
Loading NN ψ surface for LLY ...
  ψ source: per_ticker    θ̄ = 0.2816  →  IV 53.1%
  Real-contract setup (LLY 2026-05-29, 31 calendar DTE):
    Put  K=$825.00   market Δ=-0.303   mid=$23.30   market IV=44.4%   (model NN-IV=43.5%)
    Call K=$940.00   market Δ=+0.309   mid=$20.76   market IV=44.0%   (model NN-IV=41.2%)
Cache hit: loading prior simulation from lly_short_premium_simulation_cache.jld2

Computing Leisen-Reimer American Greeks via finite differences (h=1.5% S, dσ=±0.5 IV pts)...
    Greeks:  100 / 1000 paths done
    Greeks:  200 / 1000 paths done
    Greeks:  300 / 1000 paths done
    Greeks:  400 / 1000 paths done
    Greeks:  500 / 1000 paths done
    Greeks:  600 / 1000 paths done
    Greeks:  700 / 1000 paths done
    Greeks:  800 / 1000 paths done
    Greeks:  900 / 1000 paths done
    Greeks: 1000 / 1000 paths done
Rendering figure A: stock + put premium ...
Rendering figure B: stock + call premium ...
Rendering figure A+B: combined 2x2 ...
Rendering figure C: terminal short P&L distributions ...
Rendering figure D: IV trajectories ...
Rendering figure E: Greeks trajectories ...
Mirrored 12 figure file(s) to 1 other paper variant(s).

==============================================================================
  SHORT-PREMIUM SCENARIO SUMMARY  (LLY, 31 calendar days, 22 trading steps, 1000 paths)
==============================================================================
  Spot:                S_0 = $873.83
  30Δ put strike:      K = $825.00   (K/S = 0.944)
  30Δ call strike:     K = $940.00   (K/S = 1.076)
  CIR-like (κ, σ_v):   (15.0, 0.5); return-shock coupling ρ = -0.60

  stat          Short PUT P&L ($)       Short CALL P&L ($)
  ------------------------------------------------------------
  Premium                       +23.30                  +20.76
  Mean                          +16.69                  +11.42
  Median                        +23.30                  +20.76
  Std                           +18.78                  +27.10
  5%-tile                       -22.12                  -47.31
  ES (5%)                       -51.43                  -89.21
  Min                          -129.43                 -212.60
  Max                           +23.30                  +20.76

  Premium kept in full (PUT):    81.2% of paths
    Wilson 95% CI:              [ 78.7%,  83.5%]
  Premium kept in full (CALL):   80.3% of paths
    Wilson 95% CI:              [ 77.7%,  82.6%]

  Worst-5% terminal-price range:  $672.27 .. $779.03
  Mean short-PUT P&L on worst-5% paths:  $-51.43
  Mean short-CALL P&L on top-5%   paths: $-89.21
