Loading ladder data from /Users/jdv27/Desktop/julia_work/heston_implied_volatility_model/code/examples/../data/ladder...
  Loaded 234549 observations across 31 tickers
  Tickers: AAPL, ABBV, AMD, AMGN, AVGO, BAC, BMY, CVX, GOOG, GS, INTC, IWM, JNJ, JPM, LLY, META, MRNA, MSFT, MU, NVDA, OXY, PFE, QCOM, QQQ, SPY, TGT, UNH, UPS, WFC, WMT, XOM

  Per-ticker summary:
    AAPL  [Tech       ]: 6594 obs (3106 C, 3488 P), S=$ 259.13, DTEs=1,2,3,4,5,6,7,8,9,10,11,12,13,14,15,16,17,18,25,28,29,30,31,32,39,42,43,44,45,46,57,58,62,63,66,87,91,92,93
    ABBV  [Healthcare ]: 2525 obs (1231 C, 1294 P), S=$ 206.47, DTEs=1,2,3,4,7,8,9,10,11,14,15,16,17,18,25,28,29,30,31,32,39,42,43,44,45,46,57,58,62,63,66,87,91,92,93
    AMD   [Tech       ]: 4566 obs (2240 C, 2326 P), S=$ 246.80, DTEs=1,2,3,4,7,8,9,10,11,14,15,16,17,18,25,28,29,30,31,32,39,42,43,44,45,46,57,58,62,63,66,87,91,92,93
    AMGN  [Healthcare ]: 3383 obs (1651 C, 1732 P), S=$ 348.21, DTEs=1,2,3,4,7,8,9,10,11,14,15,16,17,28,29,30,31,32,42,43,44,45,46,57,58,62,63,87,91,92,93
    AVGO  [Tech       ]: 9470 obs (4767 C, 4703 P), S=$ 396.62, DTEs=1,2,3,4,5,6,7,8,9,10,11,12,13,14,15,16,17,28,29,30,31,32,42,43,44,45,46,57,58,62,63,87,91,92,93
    BAC   [Financials ]: 2399 obs (1184 C, 1215 P), S=$  53.33, DTEs=1,2,3,4,7,8,9,10,11,14,15,16,17,18,25,28,29,30,31,32,39,42,43,44,45,46,57,58,62,63,66,87,91,92,93
    BMY   [Healthcare ]: 1847 obs (941 C, 906 P), S=$  57.87, DTEs=1,2,3,4,7,8,9,10,11,14,15,16,17,28,29,30,31,32,42,43,44,45,46,57,58,62,63,87,91,92,93
    CVX   [Energy     ]: 2453 obs (1234 C, 1219 P), S=$ 191.75, DTEs=1,2,3,4,7,8,9,10,11,14,15,16,17,18,25,28,29,30,31,32,39,42,43,44,45,46,57,58,62,63,66,87,91,92,93
    GOOG  [Tech       ]: 4433 obs (2160 C, 2273 P), S=$ 334.44, DTEs=1,2,3,4,7,8,9,10,11,14,15,16,17,28,29,30,31,32,42,43,44,45,46,57,58,62,63,87,91,92,93
    GS    [Financials ]: 8772 obs (4268 C, 4504 P), S=$ 890.97, DTEs=1,2,3,4,7,8,9,10,11,14,15,16,17,18,25,28,29,30,31,32,39,42,43,44,45,46,57,58,62,63,66,87,91,92,93
    INTC  [Tech       ]: 3417 obs (1670 C, 1747 P), S=$  65.17, DTEs=1,2,3,4,7,8,9,10,11,14,15,16,17,18,25,28,29,30,31,32,39,42,43,44,45,46,57,58,62,63,66,87,91,92,93
    IWM   [ETF        ]: 21368 obs (9830 C, 11538 P), S=$ 265.02, DTEs=1,2,3,4,5,6,7,8,9,10,11,12,13,14,15,16,17,18,25,28,29,30,31,32,39,42,43,44,45,46,57,58,61,62,63,66,78,87,91,92,93
    JNJ   [Healthcare ]: 2190 obs (941 C, 1249 P), S=$ 237.92, DTEs=1,2,3,4,7,8,9,10,11,14,15,16,17,18,25,28,29,30,31,32,39,42,43,44,45,46,57,58,62,63,66,87,91,92,93
    JPM   [Financials ]: 3720 obs (1750 C, 1970 P), S=$ 313.55, DTEs=1,2,3,4,7,8,9,10,11,14,15,16,17,18,25,28,29,30,31,32,39,42,43,44,45,46,57,58,62,63,66,87,91,92,93
    LLY   [Healthcare ]: 8531 obs (4348 C, 4183 P), S=$ 929.36, DTEs=1,2,3,4,7,8,9,10,11,14,15,16,17,18,25,28,29,30,31,32,39,42,43,44,45,46,57,58,62,63,66,87,91,92,93
    META  [Tech       ]: 13926 obs (6867 C, 7059 P), S=$ 671.65, DTEs=1,2,3,4,5,6,7,8,9,10,11,12,13,14,15,16,17,28,29,30,31,32,42,43,44,45,46,57,58,62,63,87,91,92,93
    MRNA  [Healthcare ]: 2851 obs (1418 C, 1433 P), S=$  50.69, DTEs=1,2,3,4,7,8,9,10,11,14,15,16,17,18,25,28,29,30,31,32,39,42,43,44,45,46,57,58,62,63,66,87,91,92,93
    MSFT  [Tech       ]: 10129 obs (4981 C, 5148 P), S=$ 384.33, DTEs=1,2,3,4,5,6,7,8,9,10,11,12,13,14,15,16,17,18,25,28,29,30,31,32,39,42,43,44,45,46,57,58,62,63,66,87,91,92,93
    MU    [Tech       ]: 6619 obs (3249 C, 3370 P), S=$ 426.84, DTEs=1,2,3,4,7,8,9,10,11,14,15,16,17,18,25,28,29,30,31,32,39,42,43,44,45,46,57,58,62,63,66,87,91,92,93
    NVDA  [Tech       ]: 5805 obs (2826 C, 2979 P), S=$ 189.24, DTEs=1,2,3,4,5,6,7,8,9,10,11,12,13,14,15,16,17,18,25,28,29,30,31,32,39,42,43,44,45,46,57,58,62,63,66,87,91,92,93
    OXY   [Energy     ]: 2559 obs (1340 C, 1219 P), S=$  58.03, DTEs=1,2,3,4,7,8,9,10,11,14,15,16,17,18,25,28,29,30,31,32,39,42,43,44,45,46,57,58,62,63,66,87,91,92,93
    PFE   [Healthcare ]: 1300 obs (619 C, 681 P), S=$  27.18, DTEs=1,2,3,4,7,8,9,10,11,14,15,16,17,28,29,30,31,32,42,43,44,45,46,57,58,62,63
    QCOM  [Tech       ]: 3375 obs (1643 C, 1732 P), S=$ 133.02, DTEs=1,2,3,4,7,8,9,10,11,14,15,16,17,28,29,30,31,32,42,43,44,45,46,57,58,62,63,87,91,92,93
    QQQ   [ETF        ]: 39146 obs (16016 C, 23130 P), S=$ 617.33, DTEs=1,2,3,4,5,6,7,8,9,10,11,12,13,14,15,16,17,18,25,28,29,30,31,32,39,42,43,44,45,46,57,58,61,62,63,66,78,87,88,91,92,93
    SPY   [ETF        ]: 42224 obs (17879 C, 24345 P), S=$ 686.00, DTEs=1,2,3,4,5,6,7,8,9,10,11,12,13,14,15,16,17,18,25,28,29,30,31,32,39,42,43,44,45,46,57,58,61,62,63,66,78,87,88,91,92,93
    TGT   [Retail     ]: 3957 obs (1915 C, 2042 P), S=$ 117.89, DTEs=1,2,3,4,7,8,9,10,11,14,15,16,17,18,25,28,29,30,31,32,39,42,43,44,45,46,57,58,62,63,66,87,91,92,93
    UNH   [Healthcare ]: 3760 obs (1970 C, 1790 P), S=$ 314.09, DTEs=1,2,3,4,7,8,9,10,11,14,15,16,17,28,29,30,31,32,42,43,44,45,46,57,58,62,63,87,91,92,93
    UPS   [Retail     ]: 3526 obs (1665 C, 1861 P), S=$ 102.00, DTEs=1,2,3,4,7,8,9,10,11,14,15,16,17,18,25,28,29,30,31,32,39,42,43,44,45,46,57,58,62,63,66,87,91,92,93
    WFC   [Financials ]: 3047 obs (1442 C, 1605 P), S=$  86.64, DTEs=1,2,3,4,7,8,9,10,11,14,15,16,17,18,25,28,29,30,31,32,39,42,43,44,45,46,57,58,62,63,66,87,91,92,93
    WMT   [Retail     ]: 3837 obs (1898 C, 1939 P), S=$ 124.58, DTEs=1,2,3,4,7,8,9,10,11,14,15,16,17,18,25,28,29,30,31,32,39,42,43,44,45,46,57,58,62,63,66,87,91,92,93
    XOM   [Energy     ]: 2820 obs (1402 C, 1418 P), S=$ 152.68, DTEs=1,2,3,4,7,8,9,10,11,14,15,16,17,18,25,28,29,30,31,32,39,42,43,44,45,46,57,58,62,63,66,87,91,92,93

======================================================================
  JOINT CALIBRATION: shared beta + per-ticker theta_base
======================================================================

  Parameters: 36 (31 theta_base + 5 beta)
  Observations: 234549
  Observations per parameter: 6515.0

  Pass 1: Nelder-Mead (100k iterations)...
    MSE = 0.01556919
  Pass 2: Nelder-Mead polish (100k iterations)...
    MSE = 0.01556909

======================================================================
  CALIBRATED PARAMETERS
======================================================================

  Shared smile-shape (beta):
    beta1 (DTE decay)         = -0.39
    beta2 (skew)              = -1.4955
    beta3 (DTE x skew)        = 0.5441
    beta4 (smile curvature)   = 25.7384
    beta5 (DTE curvature)     = 0.0119
    Overall RMSE = 12.48% IV

  Interpretation:
    beta1 = -0.39: IV decreases with DTE (backwardation)
    beta2 = -1.496: negative skew (OTM puts > OTM calls)
    beta3 = 0.544: skew flattens at longer maturities
    beta4 = 25.738: U-shaped smile (both wings elevated)
    beta5 = 0.012: monotonic ATM term structure

  Per-ticker theta_base (sorted by IV level):
    INTC  [Tech       ]: theta=1.3566  (116.5% IV)
    MRNA  [Healthcare ]: theta=1.2313  (111.0% IV)
    MU    [Tech       ]: theta=1.1912  (109.1% IV)
    AMD   [Tech       ]: theta=0.8852  (94.1% IV)
    QCOM  [Tech       ]: theta=0.6877  (82.9% IV)
    LLY   [Healthcare ]: theta=0.4495  (67.0% IV)
    AVGO  [Tech       ]: theta=0.4488  (67.0% IV)
    OXY   [Energy     ]: theta=0.4445  (66.7% IV)
    UPS   [Retail     ]: theta=0.4270  (65.3% IV)
    META  [Tech       ]: theta=0.3928  (62.7% IV)
    TGT   [Retail     ]: theta=0.3730  (61.1% IV)
    NVDA  [Tech       ]: theta=0.3694  (60.8% IV)
    AMGN  [Healthcare ]: theta=0.3594  (60.0% IV)
    MSFT  [Tech       ]: theta=0.3572  (59.8% IV)
    BMY   [Healthcare ]: theta=0.3554  (59.6% IV)
    PFE   [Healthcare ]: theta=0.3513  (59.3% IV)
    GOOG  [Tech       ]: theta=0.3392  (58.2% IV)
    ABBV  [Healthcare ]: theta=0.3254  (57.0% IV)
    XOM   [Energy     ]: theta=0.3233  (56.9% IV)
    UNH   [Healthcare ]: theta=0.3130  (56.0% IV)
    CVX   [Energy     ]: theta=0.3002  (54.8% IV)
    WFC   [Financials ]: theta=0.2871  (53.6% IV)
    BAC   [Financials ]: theta=0.2700  (52.0% IV)
    AAPL  [Tech       ]: theta=0.2653  (51.5% IV)
    WMT   [Retail     ]: theta=0.2641  (51.4% IV)
    GS    [Financials ]: theta=0.2592  (50.9% IV)
    JNJ   [Healthcare ]: theta=0.2352  (48.5% IV)
    JPM   [Financials ]: theta=0.2143  (46.3% IV)
    IWM   [ETF        ]: theta=0.1737  (41.7% IV)
    QQQ   [ETF        ]: theta=0.1672  (40.9% IV)
    SPY   [ETF        ]: theta=0.1264  (35.5% IV)

======================================================================
  PER-TICKER FIT QUALITY
======================================================================

  Ticker       N     RMSE(%)  Bias(%)  Sector
  -------------------------------------------------------
  AAPL      6594    14.26    +0.62    Tech
  ABBV      2525    10.33    +0.25    Healthcare
  AMD       4566    19.57    -1.77    Tech
  AMGN      3383    14.14    +0.94    Healthcare
  AVGO      9470    10.72    -0.45    Tech
  BAC       2399    12.67    +1.10    Financials
  BMY       1847    13.39    +0.89    Healthcare
  CVX       2453     9.13    +0.40    Energy
  GOOG      4433    10.15    -0.04    Tech
  GS        8772     7.01    -0.05    Financials
  INTC      3417    21.37    -2.58    Tech
  IWM      21368    10.19    +0.61    ETF
  JNJ       2190    12.55    +1.13    Healthcare
  JPM       3720     9.09    +0.60    Financials
  LLY       8531    12.36    -0.42    Healthcare
  META     13926    14.50    -0.26    Tech
  MRNA      2851    18.15    -2.02    Healthcare
  MSFT     10129    14.77    +0.12    Tech
  MU        6619    20.78    -2.13    Tech
  NVDA      5805    11.03    -0.28    Tech
  OXY       2559     9.83    -0.01    Energy
  PFE       1300    18.65    +1.34    Healthcare
  QCOM      3375    22.34    -0.76    Tech
  QQQ      39146     9.83    +0.69    ETF
  SPY      42224    11.33    +0.92    ETF
  TGT       3957    11.75    -0.32    Retail
  UNH       3760    11.36    +0.55    Healthcare
  UPS       3526    13.24    +0.34    Retail
  WFC       3047    10.68    +0.53    Financials
  WMT       3837    10.10    +0.30    Retail
  XOM       2820     9.13    +0.39    Energy

======================================================================
  PER-DTE FIT QUALITY (all tickers pooled)
======================================================================

  DTE     N     RMSE(%)  Bias(%)
  -----------------------------------
    1    5742    24.90    +0.95
    2    9095    19.64    +0.60
    3    9096    20.70    -1.52
    4   12581    18.24    -2.47
    5    6674    14.35    +3.67
    6    7254    13.70    +1.07
    7   18160    14.49    +0.65
    8   10242    12.48    +1.78
    9   12465    11.64    +1.27
   10   10716    10.85    -0.31
   11   13278    11.21    +0.59
   12    6095     8.67    +2.52
   13    5460     8.02    +2.11
   14   13873    11.29    +0.00
   15    6274     9.22    +0.75
   16    8037     9.30    -0.09
   17    5823     8.54    -0.53
   18    1895     7.62    +0.74
   25    1696     6.87    +0.47
   28    8488     9.89    -0.68
   29    4067     7.56    +1.32
   30    6521     7.52    +0.12
   31    4687     7.15    -0.16
   32    8282     8.32    -0.15
   39    1655     6.28    -0.60
   42    5977     8.63    -1.08
   43    5395     7.31    +0.02
   44    2281     6.23    -0.09
   45    1779     7.30    +0.74
   46    3809     9.14    -1.09
   57    2374     6.24    -0.66
   58    1441     7.00    -0.82
   61     897     3.63    -0.02
   62    1470     6.54    -0.09
   63    2403     5.76    -0.63
   66    1121     6.46    -0.99
   78     827     4.03    -0.75
   87    1323     6.89    -1.55
   88     637     3.75    -1.00
   91    1349     6.55    -0.89
   92    1978     5.94    -1.02
   93    1332     6.66    -1.51

======================================================================
  SECTOR-LEVEL ANALYSIS
======================================================================

  Sector         N     RMSE(%)  Bias(%)  Mean IV(%)
  -------------------------------------------------------
  ETF          102738    10.54    +0.77      27.7
  Energy        7832     9.36    +0.26      42.4
  Financials   17938     9.05    +0.34      35.0
  Healthcare   26387    13.49    +0.09      47.3
  Retail       11320    11.73    +0.09      40.7
  Tech         68334    15.58    -0.56      54.8

======================================================================
  COMPARISON WITH PRIOR ESTIMATES
======================================================================

  Parameter       Old (NVDA-only)    New (23-ticker joint)
  -------------------------------------------------------
  beta1 (DTE)          +0.3000            -0.3900
  beta2 (skew)         -1.0000            -1.4955
  beta3 (interact)     +0.1000            +0.5441
  beta4 (curve)        +2.0000           +25.7384
  beta5 (DTE^2)        -0.1500            +0.0119

Generating diagnostic plots...
  -> saved ladder_smile_panels.png/pdf
  -> saved ladder_atm_term_structure.png/pdf
  -> saved ladder_residuals_moneyness.png/pdf
  -> saved ladder_theta_base_bar.png/pdf
  -> saved ladder_iv_surface_spy.png/pdf

======================================================================
  SUMMARY
======================================================================

  Joint calibration on 31 tickers, 234549 observations
  Overall RMSE: 12.48% IV

  Shared beta (smile shape):
    beta1 (DTE)        = -0.3900
    beta2 (skew)       = -1.4955
    beta3 (interact)   = +0.5441
    beta4 (curve)      = +25.7384
    beta5 (DTE^2)      = +0.0119

  These beta values plug directly into ThetaHybrid for scenario generation.
  Per-ticker theta_base provides the volatility level for each asset.

[promote_figures] 7/7 referenced PDFs synced -> paper/sections/figures/
[promote_figures] WARNING: 23 unreferenced PDF(s) in code/figures/:
    - atm_iv_tech_blowup_diagnostic.pdf
    - atm_term_structure.pdf
    - forward_iv_paths.pdf
    - iv_residuals_by_dte.pdf
    - iv_residuals_cross_ticker.pdf
    - iv_smile_all_tickers.pdf
    - iv_surface_heatmap.pdf
    - iv_surface_market_vs_model.pdf
    - ladder_atm_term_structure.pdf
    - ladder_iv_surface_spy.pdf
    - ladder_per_ticker_nn_improvement.pdf
    - ladder_per_ticker_nn_residuals.pdf
    - ladder_residuals_moneyness.pdf
    - ladder_sector_nn_atm_term_structure.pdf
    - ladder_sector_nn_psi_surfaces.pdf
    - ladder_sector_nn_residuals.pdf
    - ladder_sector_nn_smile_panels.pdf
    - ladder_sector_nn_theta_base.pdf
    - ladder_smile_panels.pdf
    - ladder_theta_base_bar.pdf
    - ladder_three_way_comparison.pdf
    - nvda_iv_smile.pdf
    - vix_through_holdout.pdf
    -> cite them in paper/sections/*.tex or remove them.
