Loading ladder data...
  234549 observations, 31 tickers
    AAPL  [Tech       ]: 6594 obs
    ABBV  [Healthcare ]: 2525 obs
    AMD   [Tech       ]: 4566 obs
    AMGN  [Healthcare ]: 3383 obs
    AVGO  [Tech       ]: 9470 obs
    BAC   [Financials ]: 2399 obs
    BMY   [Healthcare ]: 1847 obs
    CVX   [Energy     ]: 2453 obs
    GOOG  [Tech       ]: 4433 obs
    GS    [Financials ]: 8772 obs
    INTC  [Tech       ]: 3417 obs
    IWM   [ETF        ]: 21368 obs
    JNJ   [Healthcare ]: 2190 obs
    JPM   [Financials ]: 3720 obs
    LLY   [Healthcare ]: 8531 obs
    META  [Tech       ]: 13926 obs
    MRNA  [Healthcare ]: 2851 obs
    MSFT  [Tech       ]: 10129 obs
    MU    [Tech       ]: 6619 obs
    NVDA  [Tech       ]: 5805 obs
    OXY   [Energy     ]: 2559 obs
    PFE   [Healthcare ]: 1300 obs
    QCOM  [Tech       ]: 3375 obs
    QQQ   [ETF        ]: 39146 obs
    SPY   [ETF        ]: 42224 obs
    TGT   [Retail     ]: 3957 obs
    UNH   [Healthcare ]: 3760 obs
    UPS   [Retail     ]: 3526 obs
    WFC   [Financials ]: 3047 obs
    WMT   [Retail     ]: 3837 obs
    XOM   [Energy     ]: 2820 obs

Preparing training data...
  Input shape: (2, 234549)
  Standardization: ln(DTE) ~ N(2.52, 1.0)
  Standardization: ln(K/S) ~ N(-0.0212, 0.0924)

Building model...
  psi_NN parameters: 337
  theta_base parameters: 31
  Total parameters: 368
  Observations per parameter: 637.0

======================================================================
  TRAINING NEURAL NETWORK PSI
======================================================================

  Training for up to 2000 epochs (patience=200)...
  Epoch      Loss       RMSE(%)    Best RMSE(%)
  --------------------------------------------------
      1    0.024226    15.56      15.56
    100    0.017936    13.39      13.39
    200    0.015312    12.37      12.37
    300    0.013956    11.81      11.81
    400    0.013618    11.67      11.67
    500    0.013467    11.60      11.60
  [LR -> 5e-4]
    600    0.013405    11.58      11.58
    700    0.013349    11.55      11.55
    800    0.013299    11.53      11.53
    900    0.013257    11.51      11.51
   1000    0.013224    11.50      11.50
  [LR -> 2e-4]
   1100    0.013213    11.49      11.49
   1200    0.013203    11.49      11.49
   1300    0.013192    11.49      11.49
   1400    0.013183    11.48      11.48
   1500    0.013173    11.48      11.48
  [LR -> 1e-4]
   1600    0.013168    11.48      11.48
   1700    0.013163    11.47      11.47
   1800    0.013158    11.47      11.47
   1900    0.013153    11.47      11.47
   2000    0.013148    11.47      11.47

  Final RMSE: 11.47% IV

======================================================================
  CALIBRATED PARAMETERS
======================================================================

  psi_NN: learned (337 parameters, not interpretable as betas)
  Overall RMSE = 11.47% IV

  Per-ticker theta_base (sorted by IV level):
    INTC  [Tech       ]: theta=0.8243  (90.8% IV)
    MRNA  [Healthcare ]: theta=0.7530  (86.8% IV)
    MU    [Tech       ]: theta=0.7191  (84.8% IV)
    AMD   [Tech       ]: theta=0.5344  (73.1% IV)
    QCOM  [Tech       ]: theta=0.4267  (65.3% IV)
    LLY   [Healthcare ]: theta=0.2785  (52.8% IV)
    OXY   [Energy     ]: theta=0.2742  (52.4% IV)
    AVGO  [Tech       ]: theta=0.2731  (52.3% IV)
    UPS   [Retail     ]: theta=0.2655  (51.5% IV)
    META  [Tech       ]: theta=0.2394  (48.9% IV)
    TGT   [Retail     ]: theta=0.2366  (48.6% IV)
    AMGN  [Healthcare ]: theta=0.2269  (47.6% IV)
    PFE   [Healthcare ]: theta=0.2265  (47.6% IV)
    NVDA  [Tech       ]: theta=0.2263  (47.6% IV)
    BMY   [Healthcare ]: theta=0.2248  (47.4% IV)
    MSFT  [Tech       ]: theta=0.2179  (46.7% IV)
    GOOG  [Tech       ]: theta=0.2105  (45.9% IV)
    ABBV  [Healthcare ]: theta=0.2030  (45.1% IV)
    XOM   [Energy     ]: theta=0.2028  (45.0% IV)
    UNH   [Healthcare ]: theta=0.1951  (44.2% IV)
    CVX   [Energy     ]: theta=0.1854  (43.1% IV)
    WFC   [Financials ]: theta=0.1819  (42.6% IV)
    BAC   [Financials ]: theta=0.1736  (41.7% IV)
    AAPL  [Tech       ]: theta=0.1675  (40.9% IV)
    WMT   [Retail     ]: theta=0.1666  (40.8% IV)
    GS    [Financials ]: theta=0.1643  (40.5% IV)
    JNJ   [Healthcare ]: theta=0.1520  (39.0% IV)
    JPM   [Financials ]: theta=0.1367  (37.0% IV)
    IWM   [ETF        ]: theta=0.1147  (33.9% IV)
    QQQ   [ETF        ]: theta=0.1085  (32.9% IV)
    SPY   [ETF        ]: theta=0.0855  (29.2% IV)

======================================================================
  PER-TICKER FIT QUALITY
======================================================================

  Ticker       N     RMSE(%)  Bias(%)  Sector
  -------------------------------------------------------
  AAPL      6594    13.15    +0.66    Tech
  ABBV      2525     9.14    +0.32    Healthcare
  AMD       4566    20.26    -2.42    Tech
  AMGN      3383    13.42    +1.05    Healthcare
  AVGO      9470    10.63    -0.98    Tech
  BAC       2399    11.61    +1.41    Financials
  BMY       1847    12.12    +1.22    Healthcare
  CVX       2453     8.25    +0.40    Energy
  GOOG      4433     9.09    -0.04    Tech
  GS        8772     5.60    +0.18    Financials
  INTC      3417    21.63    -2.88    Tech
  IWM      21368     8.31    +1.01    ETF
  JNJ       2190    10.75    +1.56    Healthcare
  JPM       3720     7.70    +0.85    Financials
  LLY       8531    11.62    -0.49    Healthcare
  META     13926    13.86    -0.60    Tech
  MRNA      2851    18.64    -2.41    Healthcare
  MSFT     10129    13.93    -0.10    Tech
  MU        6619    21.70    -2.87    Tech
  NVDA      5805     9.69    -0.41    Tech
  OXY       2559     8.65    +0.02    Energy
  PFE       1300    17.30    +1.75    Healthcare
  QCOM      3375    22.15    -0.80    Tech
  QQQ      39146     7.88    +0.97    ETF
  SPY      42224     9.56    +1.45    ETF
  TGT       3957    10.01    +0.08    Retail
  UNH       3760    10.11    +0.60    Healthcare
  UPS       3526    12.15    +0.57    Retail
  WFC       3047     9.40    +0.85    Financials
  WMT       3837     8.35    +0.71    Retail
  XOM       2820     7.84    +0.40    Energy

======================================================================
  PER-DTE FIT QUALITY (all tickers pooled)
======================================================================

  DTE     N     RMSE(%)  Bias(%)
  -----------------------------------
    1    5742    20.87    -1.52
    2    9095    16.37    +1.26
    3    9096    18.49    -0.96
    4   12581    17.00    -1.76
    5    6674    11.85    +3.14
    6    7254    12.04    +0.49
    7   18160    14.03    -0.01
    8   10242    11.80    +1.12
    9   12465    11.44    +0.59
   10   10716    10.81    -0.89
   11   13278    11.14    +0.12
   12    6095     8.49    +2.32
   13    5460     7.91    +2.22
   14   13873    11.20    -0.15
   15    6274     9.02    +0.72
   16    8037     9.10    -0.04
   17    5823     8.33    -0.33
   18    1895     7.20    +1.17
   25    1696     6.17    +1.23
   28    8488     9.38    +0.03
   29    4067     6.88    +2.00
   30    6521     6.80    +0.83
   31    4687     6.35    +0.73
   32    8282     7.64    +0.71
   39    1655     4.96    +0.58
   42    5977     7.78    +0.23
   43    5395     6.57    +1.32
   44    2281     5.04    +1.11
   45    1779     6.63    +1.75
   46    3809     8.49    +0.07
   57    2374     5.35    +0.35
   58    1441     5.42    -0.20
   61     897     4.71    +1.95
   62    1470     5.00    +0.54
   63    2403     4.78    +0.52
   66    1121     4.50    -0.10
   78     827     4.51    +1.13
   87    1323     5.08    -0.50
   88     637     3.93    +1.87
   91    1349     4.73    +0.16
   92    1978     4.67    +0.65
   93    1332     4.76    -0.34

======================================================================
  SECTOR-LEVEL ANALYSIS
======================================================================

  Sector         N     RMSE(%)  Bias(%)  Mean IV(%)
  -------------------------------------------------------
  ETF          102738     8.69    +1.18      27.7
  Energy        7832     8.24    +0.27      42.4
  Financials   17938     7.79    +0.60      35.0
  Healthcare   26387    12.71    +0.14      47.3
  Retail       11320    10.23    +0.45      40.7
  Tech         68334    15.31    -0.87      54.8

======================================================================
  COMPARISON: PARAMETRIC vs NEURAL NETWORK
======================================================================

  Parametric psi (5 betas):  RMSE = 9.36% IV
  Neural network psi (NN):   RMSE = 11.47% IV
  Improvement:               -2.11% IV (-22.5% relative)

Generating diagnostic plots...
  -> saved ladder_nn_smile_panels.png/pdf
  -> saved ladder_nn_atm_term_structure.png/pdf
  -> saved ladder_nn_residuals_moneyness.png/pdf
  -> saved ladder_nn_theta_base_bar.png/pdf
  -> saved ladder_nn_psi_surface.png/pdf
  -> saved ladder_nn_iv_surface_spy.png/pdf

======================================================================
  SUMMARY
======================================================================

  Neural network psi calibration on 31 tickers, 234549 observations
  NN architecture: 2 -> 16 -> 16 -> 1 (tanh, exp output)
  Total parameters: 368 (337 NN + 31 theta)
  Overall RMSE: 11.47% IV

  vs parametric (5 betas): ~9.36% IV RMSE
  The learned psi surface captures smile/term-structure geometry
  without imposing a functional form.

[promote_figures] 7/7 referenced PDFs synced -> paper/sections/figures/
[promote_figures] WARNING: 29 unreferenced PDF(s) in code/figures/:
    - atm_iv_tech_blowup_diagnostic.pdf
    - atm_term_structure.pdf
    - forward_iv_paths.pdf
    - iv_residuals_by_dte.pdf
    - iv_residuals_cross_ticker.pdf
    - iv_smile_all_tickers.pdf
    - iv_surface_heatmap.pdf
    - iv_surface_market_vs_model.pdf
    - ladder_atm_term_structure.pdf
    - ladder_iv_surface_spy.pdf
    - ladder_nn_atm_term_structure.pdf
    - ladder_nn_iv_surface_spy.pdf
    - ladder_nn_psi_surface.pdf
    - ladder_nn_residuals_moneyness.pdf
    - ladder_nn_smile_panels.pdf
    - ladder_nn_theta_base_bar.pdf
    - ladder_per_ticker_nn_improvement.pdf
    - ladder_per_ticker_nn_residuals.pdf
    - ladder_residuals_moneyness.pdf
    - ladder_sector_nn_atm_term_structure.pdf
    - ladder_sector_nn_psi_surfaces.pdf
    - ladder_sector_nn_residuals.pdf
    - ladder_sector_nn_smile_panels.pdf
    - ladder_sector_nn_theta_base.pdf
    - ladder_smile_panels.pdf
    - ladder_theta_base_bar.pdf
    - ladder_three_way_comparison.pdf
    - nvda_iv_smile.pdf
    - vix_through_holdout.pdf
    -> cite them in paper/sections/*.tex or remove them.
