Scenario clock: 31 calendar days, 22 trading steps (2026-04-28 to 2026-05-29)
Loading ladder corpus for standardisation constants...
  S_0 (GS, anchored to 2026-04-28) = $926.38
Loading NN ψ surface for GS ...
  ψ source: per_ticker    θ̄ = 0.1784  →  IV 42.2%
  Real-contract setup (GS 2026-05-29, 31 calendar DTE):
    Put  K=$890.00   market Δ=-0.295   mid=$16.51   market IV=31.2%   (model NN-IV=31.6%)
    Call K=$970.00   market Δ=+0.328   mid=$16.09   market IV=28.9%   (model NN-IV=29.3%)

Loading pretrained portfolio model...
Simulating 1000 GS price paths over 22 trading steps...
  Drift anchor: empirical +7.29%/yr → target +10.00%/yr   (shift +2.71%/yr)
Evolving per-contract CIR variance with leverage coupling (κ=15.0, σ_v=0.5, ρ=-0.6)...
Pricing put + call at every (t, path) via Leisen-Reimer American (n_steps=201)...
     100 / 1000 paths priced
     200 / 1000 paths priced
     300 / 1000 paths priced
     400 / 1000 paths priced
     500 / 1000 paths priced
     600 / 1000 paths priced
     700 / 1000 paths priced
     800 / 1000 paths priced
     900 / 1000 paths priced
    1000 / 1000 paths priced
[cache] saved -> /Users/jdv27/Desktop/julia_work/heston_implied_volatility_model/code/results/truncated_emissions/wide/fitted_scenarios/gs_cache.jld2

Computing Leisen-Reimer American Greeks via finite differences (h=1.5% S, dσ=±0.5 IV pts)...
    Greeks:  100 / 1000 paths done
    Greeks:  200 / 1000 paths done
    Greeks:  300 / 1000 paths done
    Greeks:  400 / 1000 paths done
    Greeks:  500 / 1000 paths done
    Greeks:  600 / 1000 paths done
    Greeks:  700 / 1000 paths done
    Greeks:  800 / 1000 paths done
    Greeks:  900 / 1000 paths done
    Greeks: 1000 / 1000 paths done

==============================================================================
  SHORT-PREMIUM SCENARIO SUMMARY  (GS, 31 calendar days, 22 trading steps, 1000 paths)
==============================================================================
  Spot:                S_0 = $926.38
  30Δ put strike:      K = $890.00   (K/S = 0.961)
  30Δ call strike:     K = $970.00   (K/S = 1.047)
  CIR-like (κ, σ_v):   (15.0, 0.5); return-shock coupling ρ = -0.60

  stat          Short PUT P&L ($)       Short CALL P&L ($)
  ------------------------------------------------------------
  Premium                       +16.51                  +16.09
  Mean                           +4.27                   -2.21
  Median                        +16.51                  +16.09
  Std                           +28.18                  +38.89
  5%-tile                       -58.92                  -86.24
  ES (5%)                       -92.96                 -130.83
  Min                          -176.52                 -299.81
  Max                           +16.51                  +16.09

  Premium kept in full (PUT):    74.0% of paths
    Wilson 95% CI:              [ 71.2%,  76.6%]
  Premium kept in full (CALL):   67.6% of paths
    Wilson 95% CI:              [ 64.6%,  70.4%]

  Worst-5% terminal-price range:  $696.97 .. $813.82
  Mean short-PUT P&L on worst-5% paths:  $-92.96
  Mean short-CALL P&L on top-5%   paths: $-130.83
Scenario clock: 31 calendar days, 22 trading steps (2026-04-28 to 2026-05-29)
Loading ladder corpus for standardisation constants...
  S_0 (LLY, anchored to 2026-04-28) = $873.83
Loading NN ψ surface for LLY ...
  ψ source: per_ticker    θ̄ = 0.2816  →  IV 53.1%
  Real-contract setup (LLY 2026-05-29, 31 calendar DTE):
    Put  K=$825.00   market Δ=-0.303   mid=$23.30   market IV=44.4%   (model NN-IV=43.5%)
    Call K=$940.00   market Δ=+0.309   mid=$20.76   market IV=44.0%   (model NN-IV=41.2%)

Loading pretrained portfolio model...
Simulating 1000 LLY price paths over 22 trading steps...
  Drift anchor: empirical +19.74%/yr → target +10.00%/yr   (shift -9.74%/yr)
Evolving per-contract CIR variance with leverage coupling (κ=15.0, σ_v=0.5, ρ=-0.6)...
Pricing put + call at every (t, path) via Leisen-Reimer American (n_steps=201)...
     100 / 1000 paths priced
     200 / 1000 paths priced
     300 / 1000 paths priced
     400 / 1000 paths priced
     500 / 1000 paths priced
     600 / 1000 paths priced
     700 / 1000 paths priced
     800 / 1000 paths priced
     900 / 1000 paths priced
    1000 / 1000 paths priced
[cache] saved -> /Users/jdv27/Desktop/julia_work/heston_implied_volatility_model/code/results/truncated_emissions/wide/fitted_scenarios/lly_cache.jld2

Computing Leisen-Reimer American Greeks via finite differences (h=1.5% S, dσ=±0.5 IV pts)...
    Greeks:  100 / 1000 paths done
    Greeks:  200 / 1000 paths done
    Greeks:  300 / 1000 paths done
    Greeks:  400 / 1000 paths done
    Greeks:  500 / 1000 paths done
    Greeks:  600 / 1000 paths done
    Greeks:  700 / 1000 paths done
    Greeks:  800 / 1000 paths done
    Greeks:  900 / 1000 paths done
    Greeks: 1000 / 1000 paths done

==============================================================================
  SHORT-PREMIUM SCENARIO SUMMARY  (LLY, 31 calendar days, 22 trading steps, 1000 paths)
==============================================================================
  Spot:                S_0 = $873.83
  30Δ put strike:      K = $825.00   (K/S = 0.944)
  30Δ call strike:     K = $940.00   (K/S = 1.076)
  CIR-like (κ, σ_v):   (15.0, 0.5); return-shock coupling ρ = -0.60

  stat          Short PUT P&L ($)       Short CALL P&L ($)
  ------------------------------------------------------------
  Premium                       +23.30                  +20.76
  Mean                          +16.36                  +10.60
  Median                        +23.30                  +20.76
  Std                           +19.93                  +28.67
  5%-tile                       -27.96                  -52.01
  ES (5%)                       -57.16                  -94.23
  Min                          -152.55                 -240.33
  Max                           +23.30                  +20.76

  Premium kept in full (PUT):    80.7% of paths
    Wilson 95% CI:              [ 78.1%,  83.0%]
  Premium kept in full (CALL):   79.3% of paths
    Wilson 95% CI:              [ 76.7%,  81.7%]

  Worst-5% terminal-price range:  $649.15 .. $773.38
  Mean short-PUT P&L on worst-5% paths:  $-57.16
  Mean short-CALL P&L on top-5%   paths: $-94.23
