Scenario clock: 31 calendar days, 22 trading steps (2026-04-28 to 2026-05-29)
Loading ladder corpus for standardisation constants...
  S_0 (GS, anchored to 2026-04-28) = $926.38
Loading NN ψ surface for GS ...
  ψ source: per_ticker    θ̄ = 0.1784  →  IV 42.2%
  Real-contract setup (GS 2026-05-29, 31 calendar DTE):
    Put  K=$890.00   market Δ=-0.295   mid=$16.51   market IV=31.2%   (model NN-IV=31.6%)
    Call K=$970.00   market Δ=+0.328   mid=$16.09   market IV=28.9%   (model NN-IV=29.3%)
Cache parameters drifted from current spec; resimulating.

Loading pretrained portfolio model...
Simulating 1000 GS price paths over 22 trading steps...
  Drift anchor: empirical +7.35%/yr → target +10.00%/yr   (shift +2.65%/yr)
Evolving per-contract CIR variance with leverage coupling (κ=15.0, σ_v=0.5, ρ=-0.6)...
Pricing put + call at every (t, path) via Leisen-Reimer American (n_steps=201)...
     100 / 1000 paths priced
     200 / 1000 paths priced
     300 / 1000 paths priced
     400 / 1000 paths priced
     500 / 1000 paths priced
     600 / 1000 paths priced
     700 / 1000 paths priced
     800 / 1000 paths priced
     900 / 1000 paths priced
    1000 / 1000 paths priced
[cache] saved -> /Users/jdv27/Desktop/julia_work/heston_implied_volatility_model/code/results/fitted_scenarios/gs_cache.jld2

Computing Leisen-Reimer American Greeks via finite differences (h=1.5% S, dσ=±0.5 IV pts)...
    Greeks:  100 / 1000 paths done
    Greeks:  200 / 1000 paths done
    Greeks:  300 / 1000 paths done
    Greeks:  400 / 1000 paths done
    Greeks:  500 / 1000 paths done
    Greeks:  600 / 1000 paths done
    Greeks:  700 / 1000 paths done
    Greeks:  800 / 1000 paths done
    Greeks:  900 / 1000 paths done
    Greeks: 1000 / 1000 paths done
Rendering figure A: stock + put premium ...
Rendering figure B: stock + call premium ...
Rendering figure A+B: combined 2x2 ...
Rendering figure C: terminal short P&L distributions ...
Rendering figure D: IV trajectories ...
Rendering figure E: Greeks trajectories ...

==============================================================================
  SHORT-PREMIUM SCENARIO SUMMARY  (GS, 31 calendar days, 22 trading steps, 1000 paths)
==============================================================================
  Spot:                S_0 = $926.38
  30Δ put strike:      K = $890.00   (K/S = 0.961)
  30Δ call strike:     K = $970.00   (K/S = 1.047)
  CIR-like (κ, σ_v):   (15.0, 0.5); return-shock coupling ρ = -0.60

  stat          Short PUT P&L ($)       Short CALL P&L ($)
  ------------------------------------------------------------
  Premium                       +16.51                  +16.09
  Mean                           +4.30                   -2.19
  Median                        +16.51                  +16.09
  Std                           +28.01                  +38.87
  5%-tile                       -58.96                  -86.18
  ES (5%)                       -92.15                 -130.77
  Min                          -176.56                 -299.74
  Max                           +16.51                  +16.09

  Premium kept in full (PUT):    74.0% of paths
    Wilson 95% CI:              [ 71.2%,  76.6%]
  Premium kept in full (CALL):   67.7% of paths
    Wilson 95% CI:              [ 64.7%,  70.5%]

  Worst-5% terminal-price range:  $696.93 .. $813.78
  Mean short-PUT P&L on worst-5% paths:  $-92.15
  Mean short-CALL P&L on top-5%   paths: $-130.77
Scenario clock: 31 calendar days, 22 trading steps (2026-04-28 to 2026-05-29)
Loading ladder corpus for standardisation constants...
  S_0 (LLY, anchored to 2026-04-28) = $873.83
Loading NN ψ surface for LLY ...
  ψ source: per_ticker    θ̄ = 0.2816  →  IV 53.1%
  Real-contract setup (LLY 2026-05-29, 31 calendar DTE):
    Put  K=$825.00   market Δ=-0.303   mid=$23.30   market IV=44.4%   (model NN-IV=43.5%)
    Call K=$940.00   market Δ=+0.309   mid=$20.76   market IV=44.0%   (model NN-IV=41.2%)
Cache parameters drifted from current spec; resimulating.

Loading pretrained portfolio model...
Simulating 1000 LLY price paths over 22 trading steps...
  Drift anchor: empirical +19.79%/yr → target +10.00%/yr   (shift -9.79%/yr)
Evolving per-contract CIR variance with leverage coupling (κ=15.0, σ_v=0.5, ρ=-0.6)...
Pricing put + call at every (t, path) via Leisen-Reimer American (n_steps=201)...
     100 / 1000 paths priced
     200 / 1000 paths priced
     300 / 1000 paths priced
     400 / 1000 paths priced
     500 / 1000 paths priced
     600 / 1000 paths priced
     700 / 1000 paths priced
     800 / 1000 paths priced
     900 / 1000 paths priced
    1000 / 1000 paths priced
[cache] saved -> /Users/jdv27/Desktop/julia_work/heston_implied_volatility_model/code/results/fitted_scenarios/lly_cache.jld2

Computing Leisen-Reimer American Greeks via finite differences (h=1.5% S, dσ=±0.5 IV pts)...
    Greeks:  100 / 1000 paths done
    Greeks:  200 / 1000 paths done
    Greeks:  300 / 1000 paths done
    Greeks:  400 / 1000 paths done
    Greeks:  500 / 1000 paths done
    Greeks:  600 / 1000 paths done
    Greeks:  700 / 1000 paths done
    Greeks:  800 / 1000 paths done
    Greeks:  900 / 1000 paths done
    Greeks: 1000 / 1000 paths done
Rendering figure A: stock + put premium ...
Rendering figure B: stock + call premium ...
Rendering figure A+B: combined 2x2 ...
Rendering figure C: terminal short P&L distributions ...
Rendering figure D: IV trajectories ...
Rendering figure E: Greeks trajectories ...

==============================================================================
  SHORT-PREMIUM SCENARIO SUMMARY  (LLY, 31 calendar days, 22 trading steps, 1000 paths)
==============================================================================
  Spot:                S_0 = $873.83
  30Δ put strike:      K = $825.00   (K/S = 0.944)
  30Δ call strike:     K = $940.00   (K/S = 1.076)
  CIR-like (κ, σ_v):   (15.0, 0.5); return-shock coupling ρ = -0.60

  stat          Short PUT P&L ($)       Short CALL P&L ($)
  ------------------------------------------------------------
  Premium                       +23.30                  +20.76
  Mean                          +16.39                  +10.61
  Median                        +23.30                  +20.76
  Std                           +19.86                  +28.66
  5%-tile                       -27.91                  -51.96
  ES (5%)                       -56.84                  -94.18
  Min                          -152.58                 -240.27
  Max                           +23.30                  +20.76

  Premium kept in full (PUT):    80.7% of paths
    Wilson 95% CI:              [ 78.1%,  83.0%]
  Premium kept in full (CALL):   79.3% of paths
    Wilson 95% CI:              [ 76.7%,  81.7%]

  Worst-5% terminal-price range:  $649.12 .. $773.72
  Mean short-PUT P&L on worst-5% paths:  $-56.84
  Mean short-CALL P&L on top-5%   paths: $-94.18
