Ablation GS seed=20260429, 1000 paths
Ablation GS seed=20260430, 1000 paths
Ablation GS seed=20260431, 1000 paths
Ablation LLY seed=20260429, 1000 paths
Ablation LLY seed=20260430, 1000 paths
Ablation LLY seed=20260431, 1000 paths
Completed: /Users/jdv27/Desktop/julia_work/heston_implied_volatility_model/code/results/truncated_emissions/wide/dynamic_ablation
20×15 DataFrame
 Row │ ticker   kind     mode        step   date        seed   n      mean_pnl    sd_pnl   q05_pnl   es05_pnl  mean_pnl_change  paired_se   mean_abs_mark_change  q95_abs_mark_change
     │ String3  String7  String15    Int64  Date        Int64  Int64  Float64     Float64  Float64   Float64   Float64          Float64     Float64               Float64
─────┼────────────────────────────────────────────────────────────────────────────────────────────────────────────────────────────────────────────────────────────────────────────────
   1 │ GS       put      frozen         10  2026-05-12      0   3000   0.662949   19.4276  -36.9938  -63.3412        0.285189   0.0101809               0.509098              1.20103
   2 │ GS       put      surface        10  2026-05-12      0   3000   0.377761   19.0483  -35.9193  -62.8556        0.0        0.0                     0.0                   0.0
   3 │ GS       put      relaxation     10  2026-05-12      0   3000   0.629432   19.3477  -36.6408  -63.2051        0.251671   0.00856298              0.424778              1.07405
   4 │ GS       put      uncoupled      10  2026-05-12      0   3000   0.686451   19.4642  -36.8804  -63.2447        0.30869    0.0409242               1.75418               4.6403
   5 │ GS       put      coupled        10  2026-05-12      0   3000   0.332323   20.068   -38.9789  -64.8555       -0.0454381  0.0402705               1.76704               4.36758
   6 │ GS       call     frozen         10  2026-05-12      0   3000  -0.0288489  21.4223  -37.4116  -71.0843        0.867872   0.0123863               0.867872              1.95268
   7 │ GS       call     surface        10  2026-05-12      0   3000  -0.896721   21.853   -39.2367  -72.7744        0.0        0.0                     0.0                   0.0
   8 │ GS       call     relaxation     10  2026-05-12      0   3000  -0.211053   21.5178  -37.936   -71.4315        0.685668   0.0101943               0.694641              1.55983
   9 │ GS       call     uncoupled      10  2026-05-12      0   3000  -0.128207   21.6371  -37.9882  -71.5364        0.768513   0.044539                1.92643               5.52512
  10 │ GS       call     coupled        10  2026-05-12      0   3000   0.190502   20.968   -35.2033  -69.8284        1.08722    0.0439535               1.95837               5.76153
  11 │ LLY      put      frozen         10  2026-05-12      0   3000   7.14124    13.972   -18.2167  -35.7181        1.32566    0.00871994              1.32566               2.53047
  12 │ LLY      put      surface        10  2026-05-12      0   3000   5.81558    13.687   -18.8204  -36.3494        0.0        0.0                     0.0                   0.0
  13 │ LLY      put      relaxation     10  2026-05-12      0   3000   6.94397    13.9181  -18.2592  -35.7145        1.1284     0.00802869              1.1284                2.24664
  14 │ LLY      put      uncoupled      10  2026-05-12      0   3000   7.0004     14.0928  -18.6748  -35.877         1.18482    0.0404413               2.04348               4.79201
  15 │ LLY      put      coupled        10  2026-05-12      0   3000   6.64441    14.9435  -21.2891  -38.4436        0.828836   0.0399785               1.95495               4.10163
  16 │ LLY      call     frozen         10  2026-05-12      0   3000   6.31047    16.3833  -22.0924  -47.2903        2.22944    0.00688984              2.22944               3.11766
  17 │ LLY      call     surface        10  2026-05-12      0   3000   4.08102    16.6883  -25.3537  -50.4112        0.0        0.0                     0.0                   0.0
  18 │ LLY      call     relaxation     10  2026-05-12      0   3000   5.90016    16.4723  -22.7348  -47.938         1.81914    0.00500038              1.81914               2.43577
  19 │ LLY      call     uncoupled      10  2026-05-12      0   3000   5.952      16.6413  -23.1845  -48.4672        1.87098    0.0408533               2.36387               5.77487
  20 │ LLY      call     coupled        10  2026-05-12      0   3000   6.26319    15.6607  -20.2731  -45.1738        2.18217    0.0408161               2.41309               6.53321
