Ablation GS seed=20260429, 1000 paths
Ablation GS seed=20260430, 1000 paths
Ablation GS seed=20260431, 1000 paths
Ablation LLY seed=20260429, 1000 paths
Ablation LLY seed=20260430, 1000 paths
Ablation LLY seed=20260431, 1000 paths
Completed: /Users/jdv27/Desktop/julia_work/heston_implied_volatility_model/code/results/dynamic_ablation
20×15 DataFrame
 Row │ ticker   kind     mode        step   date        seed   n      mean_pnl    sd_pnl   q05_pnl   es05_pnl  mean_pnl_change  paired_se   mean_abs_mark_change  q95_abs_mark_change
     │ String3  String7  String15    Int64  Date        Int64  Int64  Float64     Float64  Float64   Float64   Float64          Float64     Float64               Float64
─────┼────────────────────────────────────────────────────────────────────────────────────────────────────────────────────────────────────────────────────────────────────────────────
   1 │ GS       put      frozen         10  2026-05-12      0   3000   0.67342    19.3847  -37.0007  -63.0818        0.28466    0.0101891               0.509253              1.20096
   2 │ GS       put      surface        10  2026-05-12      0   3000   0.38876    19.0034  -35.9262  -62.5881        0.0        0.0                     0.0                   0.0
   3 │ GS       put      relaxation     10  2026-05-12      0   3000   0.639945   19.3045  -36.6477  -62.9453        0.251185   0.00857058              0.424898              1.07401
   4 │ GS       put      uncoupled      10  2026-05-12      0   3000   0.697099   19.421   -36.8871  -62.983         0.308339   0.0409273               1.75431               4.64059
   5 │ GS       put      coupled        10  2026-05-12      0   3000   0.342204   20.0273  -38.9875  -64.6037       -0.0465566  0.0402903               1.76823               4.36864
   6 │ GS       call     frozen         10  2026-05-12      0   3000  -0.0253857  21.4192  -37.4033  -71.0745        0.867804   0.0123845               0.867804              1.9526
   7 │ GS       call     surface        10  2026-05-12      0   3000  -0.89319    21.8498  -39.2286  -72.7647        0.0        0.0                     0.0                   0.0
   8 │ GS       call     relaxation     10  2026-05-12      0   3000  -0.207572   21.5148  -37.9278  -71.4217        0.685618   0.0101928               0.694591              1.55984
   9 │ GS       call     uncoupled      10  2026-05-12      0   3000  -0.124734   21.6341  -37.9803  -71.5267        0.768456   0.0445355               1.92633               5.52445
  10 │ GS       call     coupled        10  2026-05-12      0   3000   0.193997   20.9646  -35.1937  -69.8174        1.08719    0.0439551               1.9585                5.76083
  11 │ LLY      put      frozen         10  2026-05-12      0   3000   7.15365    13.9467  -18.208   -35.5376        1.32566    0.00872182              1.32566               2.53081
  12 │ LLY      put      surface        10  2026-05-12      0   3000   5.82799    13.6615  -18.8119  -36.1684        0.0        0.0                     0.0                   0.0
  13 │ LLY      put      relaxation     10  2026-05-12      0   3000   6.95635    13.8928  -18.2506  -35.5346        1.12836    0.00803152              1.12836               2.24689
  14 │ LLY      put      uncoupled      10  2026-05-12      0   3000   7.01281    14.0678  -18.6657  -35.6963        1.18482    0.0404382               2.04335               4.79146
  15 │ LLY      put      coupled        10  2026-05-12      0   3000   6.65676    14.9195  -21.2839  -38.265         0.828771   0.0399914               1.95565               4.10255
  16 │ LLY      call     frozen         10  2026-05-12      0   3000   6.3062     16.3856  -22.1029  -47.3037        2.2297     0.00688479              2.2297                3.118
  17 │ LLY      call     surface        10  2026-05-12      0   3000   4.0765     16.6905  -25.3645  -50.4245        0.0        0.0                     0.0                   0.0
  18 │ LLY      call     relaxation     10  2026-05-12      0   3000   5.89584    16.4745  -22.7454  -47.9513        1.81933    0.00499701              1.81933               2.43596
  19 │ LLY      call     uncoupled      10  2026-05-12      0   3000   5.9477     16.6436  -23.1961  -48.4804        1.87119    0.0408563               2.36417               5.77575
  20 │ LLY      call     coupled        10  2026-05-12      0   3000   6.2597     15.6615  -20.2785  -45.1816        2.18319    0.0408384               2.41416               6.53777
