GS 2026-08-04 recent/fixed volatility=1.8
GS 2026-08-05 recent/fixed volatility=1.75
GS 2026-08-06 recent/fixed volatility=1.77
GS 2026-08-07 recent/fixed volatility=1.77
GS 2026-08-10 recent/fixed volatility=1.73
GS 2026-08-11 recent/fixed volatility=1.73
GS 2026-08-12 recent/fixed volatility=1.73
GS 2026-08-13 recent/fixed volatility=1.28
GS 2026-08-14 recent/fixed volatility=1.27
GS 2026-08-17 recent/fixed volatility=1.16
GS 2026-08-18 recent/fixed volatility=1.12
GS 2026-08-19 recent/fixed volatility=1.13
GS 2026-08-21 recent/fixed volatility=1.13
GS 2026-08-24 recent/fixed volatility=1.05
GS 2026-08-25 recent/fixed volatility=1.08
GS 2026-08-26 recent/fixed volatility=1.07
GS 2026-08-27 recent/fixed volatility=1.07
GS 2026-08-28 recent/fixed volatility=1.06
GS 2026-08-31 recent/fixed volatility=1.05
GS 2026-09-01 recent/fixed volatility=0.89
GS 2026-09-02 recent/fixed volatility=0.67
GS 2026-09-03 recent/fixed volatility=0.8
LLY 2026-08-04 recent/fixed volatility=1.12
LLY 2026-08-05 recent/fixed volatility=1.28
LLY 2026-08-06 recent/fixed volatility=1.25
LLY 2026-08-07 recent/fixed volatility=1.24
LLY 2026-08-10 recent/fixed volatility=1.33
LLY 2026-08-11 recent/fixed volatility=1.31
LLY 2026-08-12 recent/fixed volatility=1.31
LLY 2026-08-13 recent/fixed volatility=1.26
LLY 2026-08-14 recent/fixed volatility=1.31
LLY 2026-08-17 recent/fixed volatility=1.3
LLY 2026-08-18 recent/fixed volatility=1.37
LLY 2026-08-19 recent/fixed volatility=1.39
LLY 2026-08-21 recent/fixed volatility=1.39
LLY 2026-08-24 recent/fixed volatility=1.38
LLY 2026-08-25 recent/fixed volatility=1.38
LLY 2026-08-26 recent/fixed volatility=1.47
LLY 2026-08-27 recent/fixed volatility=1.48
LLY 2026-08-28 recent/fixed volatility=1.48
LLY 2026-08-31 recent/fixed volatility=1.47
LLY 2026-09-01 recent/fixed volatility=1.46
LLY 2026-09-02 recent/fixed volatility=1.31
LLY 2026-09-03 recent/fixed volatility=1.31
Test Summary:                                 | Pass  Total   Time
Stock diagnostic reconstruction and causality |    8      8  27.4s
Stock-only diagnosis complete.
