Loading ladder data from /Users/jdv27/Desktop/julia_work/heston_implied_volatility_model/code/examples/../data/ladder...
  Loaded 158885 observations across 31 tickers
  Tickers: AAPL, ABBV, AMD, AMGN, AVGO, BAC, BMY, CVX, GOOG, GS, INTC, IWM, JNJ, JPM, LLY, META, MRNA, MSFT, MU, NVDA, OXY, PFE, QCOM, QQQ, SPY, TGT, UNH, UPS, WFC, WMT, XOM

  Per-ticker summary:
    AAPL  [Tech       ]: 4504 obs (2195 C, 2309 P), S=$ 259.13, DTEs=1,2,3,4,5,6,7,8,9,10,11,12,13,14,15,16,17,18,25,28,29,30,31,32,39,42,43,44,46,57,58,62,63,66,87,91,92,93
    ABBV  [Healthcare ]: 1818 obs (870 C, 948 P), S=$ 206.47, DTEs=1,2,3,4,7,8,9,10,11,14,15,16,17,18,25,28,29,30,31,32,39,42,43,44,46,57,58,62,63,66,87,91,92,93
    AMD   [Tech       ]: 2808 obs (1364 C, 1444 P), S=$ 246.80, DTEs=1,2,3,4,7,8,9,10,11,14,15,16,17,18,25,28,29,30,31,32,39,42,43,44,46,57,58,62,63,66,87,91,92,93
    AMGN  [Healthcare ]: 2395 obs (1156 C, 1239 P), S=$ 348.21, DTEs=1,2,3,4,7,8,9,10,11,14,15,16,17,28,29,30,31,32,42,43,44,57,58,62,63,87,91,92,93
    AVGO  [Tech       ]: 5819 obs (2891 C, 2928 P), S=$ 396.62, DTEs=1,2,3,4,5,6,7,8,9,10,11,12,13,14,15,16,17,28,29,30,31,32,42,43,44,57,58,62,63,87,91,92,93
    BAC   [Financials ]: 1674 obs (828 C, 846 P), S=$  53.33, DTEs=1,2,3,4,7,8,9,10,11,14,15,16,17,18,25,28,29,30,31,32,39,42,43,44,46,57,58,62,63,66,87,91,92,93
    BMY   [Healthcare ]: 1236 obs (615 C, 621 P), S=$  57.87, DTEs=1,2,3,4,7,8,9,10,11,14,15,16,17,28,29,30,31,32,42,43,44,57,58,62,63,87,91,92,93
    CVX   [Energy     ]: 1779 obs (918 C, 861 P), S=$ 191.75, DTEs=1,2,3,4,7,8,9,10,11,14,15,16,17,18,25,28,29,30,31,32,39,42,43,44,46,57,58,62,63,66,87,91,92,93
    GOOG  [Tech       ]: 2990 obs (1465 C, 1525 P), S=$ 334.44, DTEs=1,2,3,4,7,8,9,10,11,14,15,16,17,28,29,30,31,32,42,43,44,57,58,62,63,87,91,92,93
    GS    [Financials ]: 6307 obs (3041 C, 3266 P), S=$ 890.97, DTEs=1,2,3,4,7,8,9,10,11,14,15,16,17,18,25,28,29,30,31,32,39,42,43,44,46,57,58,62,63,66,87,91,92,93
    INTC  [Tech       ]: 2036 obs (979 C, 1057 P), S=$  65.17, DTEs=1,2,3,4,7,8,9,10,11,14,15,16,17,18,25,28,29,30,31,32,39,42,43,44,46,57,58,62,63,66,87,91,92,93
    IWM   [ETF        ]: 14309 obs (6649 C, 7660 P), S=$ 265.02, DTEs=1,2,3,4,5,6,7,8,9,10,11,12,13,14,15,16,17,18,25,28,29,30,31,32,39,42,43,44,46,57,58,62,63,66,78,87,91,92,93
    JNJ   [Healthcare ]: 1562 obs (683 C, 879 P), S=$ 237.92, DTEs=1,2,3,4,7,8,9,10,11,14,15,16,17,18,25,28,29,30,31,32,39,42,43,44,46,57,58,62,63,66,87,91,92,93
    JPM   [Financials ]: 2688 obs (1235 C, 1453 P), S=$ 313.55, DTEs=1,2,3,4,7,8,9,10,11,14,15,16,17,18,25,28,29,30,31,32,39,42,43,44,46,57,58,62,63,66,87,91,92,93
    LLY   [Healthcare ]: 6034 obs (3063 C, 2971 P), S=$ 929.36, DTEs=1,2,3,4,7,8,9,10,11,14,15,16,17,18,25,28,29,30,31,32,39,42,43,44,46,57,58,62,63,66,87,91,92,93
    META  [Tech       ]: 8988 obs (4394 C, 4594 P), S=$ 671.65, DTEs=1,2,3,4,5,6,7,8,9,10,11,12,13,14,15,16,17,28,29,30,31,32,42,43,44,57,58,62,63,87,91,92,93
    MRNA  [Healthcare ]: 2047 obs (1029 C, 1018 P), S=$  50.69, DTEs=1,2,3,4,7,8,9,10,11,14,15,16,17,18,25,28,29,30,31,32,39,42,43,44,46,57,58,62,63,66,87,91,92,93
    MSFT  [Tech       ]: 6651 obs (3248 C, 3403 P), S=$ 384.33, DTEs=1,2,3,4,5,6,7,8,9,10,11,12,13,14,15,16,17,18,25,28,29,30,31,32,39,42,43,44,46,57,58,62,63,66,87,91,92,93
    MU    [Tech       ]: 4470 obs (2182 C, 2288 P), S=$ 426.84, DTEs=1,2,3,4,7,8,9,10,11,14,15,16,17,18,25,28,29,30,31,32,39,42,43,44,46,57,58,62,63,66,87,91,92,93
    NVDA  [Tech       ]: 4106 obs (2003 C, 2103 P), S=$ 189.24, DTEs=1,2,3,4,5,6,7,8,9,10,11,12,13,14,15,16,17,18,25,28,29,30,31,32,39,42,43,44,46,57,58,62,63,66,87,91,92,93
    OXY   [Energy     ]: 1795 obs (931 C, 864 P), S=$  58.03, DTEs=1,2,3,4,7,8,9,10,11,14,15,16,17,18,25,28,29,30,31,32,39,42,43,44,46,57,58,62,63,66,87,91,92,93
    PFE   [Healthcare ]:  877 obs (430 C, 447 P), S=$  27.18, DTEs=1,2,3,4,7,8,9,10,11,14,15,16,17,28,29,30,31,32,42,43,44,57,58,62,63
    QCOM  [Tech       ]: 2467 obs (1176 C, 1291 P), S=$ 133.02, DTEs=1,2,3,4,7,8,9,10,11,14,15,16,17,28,29,30,31,32,42,43,44,57,58,62,63,87,91,92,93
    QQQ   [ETF        ]: 26016 obs (10617 C, 15399 P), S=$ 617.33, DTEs=1,2,3,4,5,6,7,8,9,10,11,12,13,14,15,16,17,18,25,28,29,30,31,32,39,42,43,44,46,57,58,62,63,66,78,87,91,92,93
    SPY   [ETF        ]: 28822 obs (12296 C, 16526 P), S=$ 686.00, DTEs=1,2,3,4,5,6,7,8,9,10,11,12,13,14,15,16,17,18,25,28,29,30,31,32,39,42,43,44,46,57,58,62,63,66,78,87,91,92,93
    TGT   [Retail     ]: 2707 obs (1334 C, 1373 P), S=$ 117.89, DTEs=1,2,3,4,7,8,9,10,11,14,15,16,17,18,25,28,29,30,31,32,39,42,43,44,46,57,58,62,63,66,87,91,92,93
    UNH   [Healthcare ]: 2528 obs (1295 C, 1233 P), S=$ 314.09, DTEs=1,2,3,4,7,8,9,10,11,14,15,16,17,28,29,30,31,32,42,43,44,57,58,62,63,87,91,92,93
    UPS   [Retail     ]: 2573 obs (1224 C, 1349 P), S=$ 102.00, DTEs=1,2,3,4,7,8,9,10,11,14,15,16,17,18,25,28,29,30,31,32,39,42,43,44,46,57,58,62,63,66,87,91,92,93
    WFC   [Financials ]: 2200 obs (1045 C, 1155 P), S=$  86.64, DTEs=1,2,3,4,7,8,9,10,11,14,15,16,17,18,25,28,29,30,31,32,39,42,43,44,46,57,58,62,63,66,87,91,92,93
    WMT   [Retail     ]: 2645 obs (1314 C, 1331 P), S=$ 124.58, DTEs=1,2,3,4,7,8,9,10,11,14,15,16,17,18,25,28,29,30,31,32,39,42,43,44,46,57,58,62,63,66,87,91,92,93
    XOM   [Energy     ]: 2034 obs (1038 C, 996 P), S=$ 152.68, DTEs=1,2,3,4,7,8,9,10,11,14,15,16,17,18,25,28,29,30,31,32,39,42,43,44,46,57,58,62,63,66,87,91,92,93

======================================================================
  JOINT CALIBRATION: shared beta + per-ticker theta_base
======================================================================

  Parameters: 36 (31 theta_base + 5 beta)
  Observations: 158885
  Observations per parameter: 4413.0

  Pass 1: Nelder-Mead (100k iterations)...
    MSE = 0.01472053
  Pass 2: Nelder-Mead polish (100k iterations)...
    MSE = 0.01472003

======================================================================
  CALIBRATED PARAMETERS
======================================================================

  Shared smile-shape (beta):
    beta1 (DTE decay)         = -0.3215
    beta2 (skew)              = -1.5147
    beta3 (DTE x skew)        = 0.5097
    beta4 (smile curvature)   = 23.8631
    beta5 (DTE curvature)     = -0.0006
    Overall RMSE = 12.13% IV

  Interpretation:
    beta1 = -0.322: IV decreases with DTE (backwardation)
    beta2 = -1.515: negative skew (OTM puts > OTM calls)
    beta3 = 0.51: skew flattens at longer maturities
    beta4 = 23.863: U-shaped smile (both wings elevated)
    beta5 = -0.001: U-shaped ATM term structure

  Per-ticker theta_base (sorted by IV level):
    INTC  [Tech       ]: theta=1.2072  (109.9% IV)
    MRNA  [Healthcare ]: theta=1.1297  (106.3% IV)
    MU    [Tech       ]: theta=1.0529  (102.6% IV)
    AMD   [Tech       ]: theta=0.7583  (87.1% IV)
    QCOM  [Tech       ]: theta=0.5964  (77.2% IV)
    LLY   [Healthcare ]: theta=0.4814  (69.4% IV)
    UPS   [Retail     ]: theta=0.4352  (66.0% IV)
    META  [Tech       ]: theta=0.4315  (65.7% IV)
    AVGO  [Tech       ]: theta=0.4272  (65.4% IV)
    OXY   [Energy     ]: theta=0.4085  (63.9% IV)
    MSFT  [Tech       ]: theta=0.4022  (63.4% IV)
    BMY   [Healthcare ]: theta=0.3662  (60.5% IV)
    GOOG  [Tech       ]: theta=0.3565  (59.7% IV)
    ABBV  [Healthcare ]: theta=0.3388  (58.2% IV)
    NVDA  [Tech       ]: theta=0.3352  (57.9% IV)
    AMGN  [Healthcare ]: theta=0.3312  (57.6% IV)
    TGT   [Retail     ]: theta=0.3209  (56.6% IV)
    PFE   [Healthcare ]: theta=0.3173  (56.3% IV)
    UNH   [Healthcare ]: theta=0.3083  (55.5% IV)
    XOM   [Energy     ]: theta=0.3013  (54.9% IV)
    CVX   [Energy     ]: theta=0.2830  (53.2% IV)
    WFC   [Financials ]: theta=0.2669  (51.7% IV)
    GS    [Financials ]: theta=0.2468  (49.7% IV)
    BAC   [Financials ]: theta=0.2431  (49.3% IV)
    AAPL  [Tech       ]: theta=0.2425  (49.2% IV)
    WMT   [Retail     ]: theta=0.2326  (48.2% IV)
    JNJ   [Healthcare ]: theta=0.2217  (47.1% IV)
    JPM   [Financials ]: theta=0.1997  (44.7% IV)
    IWM   [ETF        ]: theta=0.1669  (40.9% IV)
    QQQ   [ETF        ]: theta=0.1570  (39.6% IV)
    SPY   [ETF        ]: theta=0.1213  (34.8% IV)

======================================================================
  PER-TICKER FIT QUALITY
======================================================================

  Ticker       N     RMSE(%)  Bias(%)  Sector
  -------------------------------------------------------
  AAPL      4504    10.32    +0.52    Tech
  ABBV      1818    10.29    +0.27    Healthcare
  AMD       2808    19.74    -1.69    Tech
  AMGN      2395    10.86    +0.59    Healthcare
  AVGO      5819    10.87    -0.36    Tech
  BAC       1674    11.58    +0.99    Financials
  BMY       1236    13.76    +0.89    Healthcare
  CVX       1779     8.71    +0.43    Energy
  GOOG      2990    10.16    -0.02    Tech
  GS        6307     6.40    -0.09    Financials
  INTC      2036    21.17    -2.22    Tech
  IWM      14309    10.67    +0.58    ETF
  JNJ       1562    12.30    +1.12    Healthcare
  JPM       2688     8.43    +0.53    Financials
  LLY       6034    12.21    -0.49    Healthcare
  META      8988    14.94    -0.56    Tech
  MRNA      2047    15.69    -2.00    Healthcare
  MSFT      6651    15.43    -0.01    Tech
  MU        4470    18.12    -1.89    Tech
  NVDA      4106    11.00    -0.13    Tech
  OXY       1795     8.76    -0.08    Energy
  PFE        877    17.35    +1.18    Healthcare
  QCOM      2467    22.13    -0.58    Tech
  QQQ      26016    10.02    +0.65    ETF
  SPY      28822    11.54    +0.91    ETF
  TGT       2707    10.25    -0.21    Retail
  UNH       2528    10.40    +0.41    Healthcare
  UPS       2573    12.51    +0.20    Retail
  WFC       2200     9.15    +0.42    Financials
  WMT       2645     9.00    +0.25    Retail
  XOM       2034     8.48    +0.31    Energy

======================================================================
  PER-DTE FIT QUALITY (all tickers pooled)
======================================================================

  DTE     N     RMSE(%)  Bias(%)
  -----------------------------------
    1    3345    24.10    +1.02
    2    5704    19.75    +0.58
    3    7499    21.62    -2.77
    4    6476    17.74    -2.12
    5    4425    15.22    +3.41
    6    5459    13.50    +1.29
    7   12312    15.04    +0.02
    8    6141    11.78    +2.55
    9    7793    11.10    +1.33
   10    8840    10.91    -0.44
   11    6482    10.14    +1.77
   12    3751     8.39    +1.93
   13    3809     7.34    +2.15
   14   10347    11.04    +0.05
   15    3490     7.21    +0.49
   16    5064     7.72    -0.04
   17    5823     8.24    -0.06
   18    1895     7.12    +1.11
   25    1696     6.47    +0.72
   28    6162     9.85    -0.47
   29    1725     5.89    +1.08
   30    4111     6.67    +0.21
   31    4687     7.03    +0.17
   32    3745     6.42    +0.34
   39    1655     6.14    -0.50
   42    5977     8.72    -0.83
   43    2301     6.21    +0.33
   44    2281     6.06    +0.13
   46    1796     6.02    -0.32
   57    1490     7.27    -0.64
   58    1441     6.96    -0.64
   62    1470     6.47    +0.04
   63    2403     5.68    -0.55
   66    1121     6.38    -1.15
   78     827     3.96    -0.83
   87    1323     6.88    -1.71
   91    1349     6.49    -1.07
   92    1338     6.70    -1.50
   93    1332     6.63    -1.71

======================================================================
  SECTOR-LEVEL ANALYSIS
======================================================================

  Sector         N     RMSE(%)  Bias(%)  Mean IV(%)
  -------------------------------------------------------
  ETF          69147    10.81    +0.75      27.8
  Energy        5608     8.64    +0.22      41.8
  Financials   12869     8.16    +0.27      34.8
  Healthcare   18497    12.49    -0.01      48.6
  Retail        7925    10.66    +0.08      40.4
  Tech         44839    15.12    -0.55      54.8

======================================================================
  COMPARISON WITH PRIOR ESTIMATES
======================================================================

  Parameter       Old (NVDA-only)    New (23-ticker joint)
  -------------------------------------------------------
  beta1 (DTE)          +0.3000            -0.3215
  beta2 (skew)         -1.0000            -1.5147
  beta3 (interact)     +0.1000            +0.5097
  beta4 (curve)        +2.0000           +23.8631
  beta5 (DTE^2)        -0.1500            -0.0006

Generating diagnostic plots...
  -> saved ladder_smile_panels.png/pdf
  -> saved ladder_atm_term_structure.png/pdf
  -> saved ladder_residuals_moneyness.png/pdf
  -> saved ladder_theta_base_bar.png/pdf
  -> saved ladder_iv_surface_spy.png/pdf

======================================================================
  SUMMARY
======================================================================

  Joint calibration on 31 tickers, 158885 observations
  Overall RMSE: 12.13% IV

  Shared beta (smile shape):
    beta1 (DTE)        = -0.3215
    beta2 (skew)       = -1.5147
    beta3 (interact)   = +0.5097
    beta4 (curve)      = +23.8631
    beta5 (DTE^2)      = -0.0006

  These beta values plug directly into ThetaHybrid for scenario generation.
  Per-ticker theta_base provides the volatility level for each asset.

[promote_figures] 17/17 referenced PDFs synced -> paper/sections/figures/
[promote_figures] WARNING: 5 unreferenced PDF(s) in code/figures/:
    - ladder_atm_term_structure.pdf
    - ladder_iv_surface_spy.pdf
    - ladder_residuals_moneyness.pdf
    - ladder_smile_panels.pdf
    - ladder_theta_base_bar.pdf
    -> cite them in paper/sections/*.tex or remove them.
