\BOOKMARK [1][-]{section.1}{\376\377\000I\000n\000t\000r\000o\000d\000u\000c\000t\000i\000o\000n}{}% 1
\BOOKMARK [1][-]{section.2}{\376\377\000B\000a\000c\000k\000g\000r\000o\000u\000n\000d}{}% 2
\BOOKMARK [2][-]{subsection.2.1}{\376\377\000J\000u\000m\000p\000\040\000H\000i\000d\000d\000e\000n\000\040\000M\000a\000r\000k\000o\000v\000\040\000M\000o\000d\000e\000l}{section.2}% 3
\BOOKMARK [2][-]{subsection.2.2}{\376\377\000H\000e\000s\000t\000o\000n\000\040\000s\000t\000o\000c\000h\000a\000s\000t\000i\000c\000\040\000v\000a\000r\000i\000a\000n\000c\000e\000\040\000m\000o\000d\000e\000l}{section.2}% 4
\BOOKMARK [2][-]{subsection.2.3}{\376\377\000L\000a\000t\000t\000i\000c\000e\000\040\000m\000o\000d\000e\000l\000s\000\040\000f\000o\000r\000\040\000A\000m\000e\000r\000i\000c\000a\000n\000\040\000o\000p\000t\000i\000o\000n\000s}{section.2}% 5
\BOOKMARK [2][-]{subsection.2.4}{\376\377\000N\000e\000u\000r\000a\000l\000\040\000r\000e\000p\000r\000e\000s\000e\000n\000t\000a\000t\000i\000o\000n\000s\000\040\000o\000f\000\040\000t\000h\000e\000\040\000i\000m\000p\000l\000i\000e\000d\000\040\000v\000o\000l\000a\000t\000i\000l\000i\000t\000y\000\040\000s\000u\000r\000f\000a\000c\000e}{section.2}% 6
\BOOKMARK [1][-]{section.3}{\376\377\000M\000e\000t\000h\000o\000d\000s}{}% 7
\BOOKMARK [2][-]{subsection.3.1}{\376\377\000P\000i\000p\000e\000l\000i\000n\000e\000\040\000o\000v\000e\000r\000v\000i\000e\000w}{section.3}% 8
\BOOKMARK [2][-]{subsection.3.2}{\376\377\000M\000o\000d\000i\000f\000i\000e\000d\000\040\000H\000e\000s\000t\000o\000n\000\040\000v\000a\000r\000i\000a\000n\000c\000e\000\040\000p\000r\000o\000c\000e\000s\000s}{section.3}% 9
\BOOKMARK [2][-]{subsection.3.3}{\376\377\000N\000e\000u\000r\000a\000l\000\040\000s\000u\000r\000r\000o\000g\000a\000t\000e\000\040\000f\000o\000r\000\040}{section.3}% 10
\BOOKMARK [1][-]{section.4}{\376\377\000C\000a\000l\000i\000b\000r\000a\000t\000i\000o\000n\000\040\000a\000n\000d\000\040\000V\000a\000l\000i\000d\000a\000t\000i\000o\000n}{}% 11
\BOOKMARK [2][-]{subsection.4.1}{\376\377\000S\000e\000c\000t\000o\000r\000-\000s\000p\000e\000c\000i\000f\000i\000c\000\040\000n\000e\000u\000r\000a\000l\000\040\000c\000a\000l\000i\000b\000r\000a\000t\000i\000o\000n\000\040\000o\000n\000\040\000t\000h\000e\000\040\0003\0001\000-\000t\000i\000c\000k\000e\000r\000\040\000l\000a\000d\000d\000e\000r}{section.4}% 12
\BOOKMARK [2][-]{subsection.4.2}{\376\377\000P\000e\000r\000-\000t\000i\000c\000k\000e\000r\000\040\000n\000e\000u\000r\000a\000l\000\040\000c\000a\000l\000i\000b\000r\000a\000t\000i\000o\000n\000\040\000o\000n\000\040\000t\000h\000e\000\040\000p\000o\000o\000l\000e\000d\000\040\000c\000o\000r\000p\000u\000s}{section.4}% 13
\BOOKMARK [2][-]{subsection.4.3}{\376\377\000T\000e\000m\000p\000o\000r\000a\000l\000\040\000h\000o\000l\000d\000o\000u\000t\000\040\000a\000n\000d\000\040\000e\000a\000r\000n\000i\000n\000g\000s\000-\000a\000w\000a\000r\000e\000\040\000c\000a\000l\000i\000b\000r\000a\000t\000i\000o\000n}{section.4}% 14
\BOOKMARK [1][-]{section.5}{\376\377\000F\000o\000r\000w\000a\000r\000d\000-\000s\000i\000m\000u\000l\000a\000t\000e\000d\000\040\000s\000h\000o\000r\000t\000-\000p\000r\000e\000m\000i\000u\000m\000\040\000s\000c\000e\000n\000a\000r\000i\000o\000s}{}% 15
\BOOKMARK [2][-]{subsection.5.1}{\376\377\000C\000r\000o\000s\000s\000-\000t\000i\000c\000k\000e\000r\000\040\000v\000a\000l\000i\000d\000a\000t\000i\000o\000n\000:\000\040\000L\000L\000Y}{section.5}% 16
\BOOKMARK [2][-]{subsection.5.2}{\376\377\000C\000r\000o\000s\000s\000-\000s\000e\000c\000t\000o\000r\000\040\000v\000a\000l\000i\000d\000a\000t\000i\000o\000n\000\040\000a\000c\000r\000o\000s\000s\000\040\000f\000i\000v\000e\000\040\000a\000d\000d\000i\000t\000i\000o\000n\000a\000l\000\040\000t\000i\000c\000k\000e\000r\000s}{section.5}% 17
\BOOKMARK [2][-]{subsection.5.3}{\376\377\000E\000a\000r\000n\000i\000n\000g\000s\000-\000w\000i\000n\000d\000o\000w\000\040\000s\000c\000e\000n\000a\000r\000i\000o\000:\000\040\000I\000N\000T\000C\000\040\000a\000c\000r\000o\000s\000s\000\040\000t\000h\000e\000\040\0000\0004\000-\0002\0002\000\040\000p\000r\000i\000n\000t}{section.5}% 18
\BOOKMARK [1][-]{section.6}{\376\377\000A\000d\000a\000p\000t\000i\000v\000e\000\040\000r\000e\000c\000a\000l\000i\000b\000r\000a\000t\000i\000o\000n\000\040\000v\000i\000a\000\040\000l\000o\000w\000-\000r\000a\000n\000k\000\040\000d\000a\000i\000l\000y\000\040\000a\000d\000a\000p\000t\000e\000r\000s}{}% 19
\BOOKMARK [2][-]{subsection.6.1}{\376\377\000A\000d\000a\000p\000t\000e\000r\000\040\000f\000o\000r\000m\000u\000l\000a\000t\000i\000o\000n}{section.6}% 20
\BOOKMARK [2][-]{subsection.6.2}{\376\377\000S\000t\000r\000e\000a\000m\000i\000n\000g\000\040\000r\000e\000f\000i\000t\000\040\000t\000r\000i\000g\000g\000e\000r}{section.6}% 21
\BOOKMARK [2][-]{subsection.6.3}{\376\377\000E\000m\000p\000i\000r\000i\000c\000a\000l\000\040\000s\000w\000e\000e\000p\000\040\000a\000c\000r\000o\000s\000s\000\040\0002\0000\000\040\000\050\000t\000i\000c\000k\000e\000r\000,\000\040\000d\000a\000t\000e\000\051\000\040\000c\000e\000l\000l\000s}{section.6}% 22
\BOOKMARK [2][-]{subsection.6.4}{\376\377\000N\000o\000-\000a\000r\000b\000i\000t\000r\000a\000g\000e\000\040\000d\000i\000a\000g\000n\000o\000s\000t\000i\000c\000\040\000o\000n\000\040\000a\000d\000a\000p\000t\000e\000d\000\040\000s\000u\000r\000f\000a\000c\000e\000s}{section.6}% 23
\BOOKMARK [2][-]{subsection.6.5}{\376\377\000O\000p\000e\000r\000a\000t\000i\000n\000g\000\040\000r\000e\000g\000i\000m\000e}{section.6}% 24
\BOOKMARK [1][-]{section.7}{\376\377\000D\000i\000s\000c\000u\000s\000s\000i\000o\000n\000\040\000a\000n\000d\000\040\000F\000u\000t\000u\000r\000e\000\040\000W\000o\000r\000k}{}% 25
\BOOKMARK [1][-]{section.8}{\376\377\000C\000o\000n\000c\000l\000u\000s\000i\000o\000n}{}% 26
\BOOKMARK [1][-]{appendix.A}{\376\377\000S\000e\000c\000t\000o\000r\000-\000N\000N\000\040\000c\000a\000l\000i\000b\000r\000a\000t\000i\000o\000n\000:\000\040\000c\000o\000r\000p\000u\000s\000\040\000p\000a\000r\000t\000i\000t\000i\000o\000n\000\040\000a\000n\000d\000\040\000p\000e\000r\000-\000s\000e\000c\000t\000o\000r\000\040\000b\000r\000e\000a\000k\000d\000o\000w\000n}{}% 27
\BOOKMARK [2][-]{subsection.A.1}{\376\377\000L\000e\000a\000v\000e\000-\000o\000n\000e\000-\000d\000a\000t\000e\000-\000o\000u\000t\000\040\000v\000a\000l\000i\000d\000a\000t\000i\000o\000n\000\040\000o\000n\000\040\000t\000h\000e\000\040\000f\000i\000f\000t\000e\000e\000n\000-\000d\000a\000t\000e\000\040\000c\000o\000r\000p\000u\000s}{appendix.A}% 28
\BOOKMARK [2][-]{subsection.A.2}{\376\377\000W\000a\000l\000k\000-\000f\000o\000r\000w\000a\000r\000d\000\040\000t\000e\000m\000p\000o\000r\000a\000l\000\040\000v\000a\000l\000i\000d\000a\000t\000i\000o\000n\000\040\000a\000c\000r\000o\000s\000s\000\040\000t\000h\000e\000\040\000f\000i\000f\000t\000e\000e\000n\000-\000d\000a\000t\000e\000\040\000c\000o\000r\000p\000u\000s}{appendix.A}% 29
\BOOKMARK [2][-]{subsection.A.3}{\376\377\000S\000t\000a\000t\000i\000c\000-\000a\000r\000b\000i\000t\000r\000a\000g\000e\000\040\000d\000i\000a\000g\000n\000o\000s\000t\000i\000c\000\040\000o\000n\000\040\000t\000h\000e\000\040\000c\000a\000l\000i\000b\000r\000a\000t\000e\000d\000\040\000\040\000s\000u\000r\000f\000a\000c\000e\000s}{appendix.A}% 30
\BOOKMARK [1][-]{appendix.B}{\376\377\000H\000o\000l\000d\000o\000u\000t\000\040\000d\000i\000a\000g\000n\000o\000s\000t\000i\000c\000s\000\040\000m\000o\000t\000i\000v\000a\000t\000i\000n\000g\000\040\000t\000h\000e\000\040\000e\000a\000r\000n\000i\000n\000g\000s\000-\000a\000w\000a\000r\000e\000\040\000m\000e\000c\000h\000a\000n\000i\000s\000m}{}% 31
\BOOKMARK [1][-]{appendix.C}{\376\377\000S\000h\000o\000r\000t\000-\000p\000r\000e\000m\000i\000u\000m\000\040\000s\000c\000e\000n\000a\000r\000i\000o\000s\000:\000\040\000P\000\046\000L\000\040\000s\000t\000a\000t\000i\000s\000t\000i\000c\000s\000\040\000a\000n\000d\000\040\000c\000r\000o\000s\000s\000-\000t\000i\000c\000k\000e\000r\000\040\000v\000a\000l\000i\000d\000a\000t\000i\000o\000n}{}% 32
\BOOKMARK [2][-]{subsection.C.1}{\376\377\000C\000r\000o\000s\000s\000-\000s\000e\000c\000t\000o\000r\000\040\000s\000h\000o\000r\000t\000-\000p\000r\000e\000m\000i\000u\000m\000\040\000s\000c\000e\000n\000a\000r\000i\000o\000s\000\040\000o\000n\000\040\000f\000i\000v\000e\000\040\000a\000d\000d\000i\000t\000i\000o\000n\000a\000l\000\040\000t\000i\000c\000k\000e\000r\000s}{appendix.C}% 33
\BOOKMARK [1][-]{appendix.D}{\376\377\000A\000d\000a\000p\000t\000i\000v\000e\000\040\000r\000e\000c\000a\000l\000i\000b\000r\000a\000t\000i\000o\000n\000\040\000v\000i\000a\000\040\000l\000o\000w\000-\000r\000a\000n\000k\000\040\000d\000a\000i\000l\000y\000\040\000a\000d\000a\000p\000t\000e\000r\000s\000:\000\040\000e\000m\000p\000i\000r\000i\000c\000a\000l\000\040\000d\000e\000t\000a\000i\000l}{}% 34
\BOOKMARK [2][-]{subsection.D.1}{\376\377\0002\0000\000-\000c\000e\000l\000l\000\040\000s\000w\000e\000e\000p}{appendix.D}% 35
\BOOKMARK [2][-]{subsection.D.2}{\376\377\000L\000L\000Y\000\040\0000\0004\000-\0002\0008\000\040\000e\000n\000t\000r\000y\000-\000e\000d\000g\000e\000\040\000c\000a\000s\000e\000\040\000s\000t\000u\000d\000y}{appendix.D}% 36
\BOOKMARK [2][-]{subsection.D.3}{\376\377\000N\000o\000-\000a\000r\000b\000i\000t\000r\000a\000g\000e\000\040\000a\000u\000d\000i\000t\000\040\000o\000n\000\040\000V\0001\000-\000a\000d\000a\000p\000t\000e\000d\000\040\000s\000u\000r\000f\000a\000c\000e\000s}{appendix.D}% 37
\BOOKMARK [2][-]{subsection.D.4}{\376\377\000S\000t\000r\000e\000a\000m\000i\000n\000g\000\040\000t\000r\000i\000g\000g\000e\000r\000\040\000R\000O\000C}{appendix.D}% 38
